........................................................................ [ 35%]
........................................................................ [ 71%]
..........................................................               [100%]
202 passed in 16.25s
